
105190925049412 1 
UserOrder arrived_cycle_count : 0
UserOrder order_id : 0
UserOrder trader_id : 1
UserOrder order_type : b
UserOrder req_type : c
UserOrder price : 140.89
UserOrder quantity : 78
UserOrder out_cycle_count : 0


105190925052991 3 
LOBOrder arrived_cycle_count : 105190925049412
LOBOrder system_id : 0
LOBOrder price : 140.89
LOBOrder quantity : 78
LOBOrder trader_id : 1
LOBOrder order_type : b
LOBOrder req_type : c
LOBOrder out_cycle_count : 105190925052294


105190925057799 5 
LOBOrder arrived_cycle_count : 105190925049412
LOBOrder system_id : 0
LOBOrder price : 140.89
LOBOrder quantity : 78
LOBOrder trader_id : 1
LOBOrder order_type : b
LOBOrder req_type : c
LOBOrder out_cycle_count : 105190925052294


105190925058581 11 
BroadcastElement system_id : 0
BroadcastElement price : 140.89
BroadcastElement quantity : 78
BroadcastElement side : B
BroadcastElement type : N


105190925052316 2 
LOBOrder arrived_cycle_count : 105190925049412
LOBOrder system_id : 0
LOBOrder price : 140.89
LOBOrder quantity : 78
LOBOrder trader_id : 1
LOBOrder order_type : b
LOBOrder req_type : c
LOBOrder out_cycle_count : 105190925052294


105190925059765 9 
LOBAcknowledgement system_id : 0
LOBAcknowledgement price : 140.89
LOBAcknowledgement quantity : 78
LOBAcknowledgement side : B
LOBAcknowledgement status : C


105190925060171 10 
UserAcknowledgement order_id : 0
UserAcknowledgement price : 140.89
UserAcknowledgement quantity : 78
UserAcknowledgement side : B
UserAcknowledgement status : C

